[done] states__morph1__linear__dw0.25__ib2.0   1.4s  disp_tiles=2.29  owner_km=406  adj=0.798  iou=nan  noncontig=0  split=0  short=0  missing=0
[done] states__morph1__linear__dw0.5__ib2.0   1.4s  disp_tiles=2.14  owner_km=401  adj=0.807  iou=nan  noncontig=0  split=0  short=0  missing=0
[done] states__morph1__linear__dw2.0__ib2.0   1.4s  disp_tiles=2.33  owner_km=405  adj=0.789  iou=nan  noncontig=0  split=0  short=0  missing=0
[done] states__morph1__linear__dw4.0__ib2.0   1.5s  disp_tiles=2.34  owner_km=405  adj=0.789  iou=nan  noncontig=0  split=0  short=0  missing=0
[done] states__morph1__squared__dw0.25__ib2.0   1.4s  disp_tiles=2.25  owner_km=396  adj=0.771  iou=nan  noncontig=0  split=0  short=0  missing=0
[done] states__morph1__squared__dw0.5__ib2.0   1.4s  disp_tiles=2.47  owner_km=422  adj=0.780  iou=nan  noncontig=0  split=0  short=0  missing=0
[done] states__morph1__squared__dw2.0__ib2.0   1.4s  disp_tiles=2.10  owner_km=401  adj=0.798  iou=nan  noncontig=0  split=0  short=0  missing=0
[done] states__morph1__squared__dw4.0__ib2.0   1.4s  disp_tiles=2.49  owner_km=420  adj=0.771  iou=nan  noncontig=0  split=0  short=0  missing=0
[done] states__morph0__linear__dw0.25__ib2.0   2.0s  disp_tiles=3.10  owner_km=474  adj=0.606  iou=nan  noncontig=0  split=0  short=0  missing=0
[done] states__morph0__linear__dw0.5__ib2.0   2.5s  disp_tiles=2.72  owner_km=460  adj=0.560  iou=nan  noncontig=1  split=0  short=0  missing=0
[done] states__morph0__linear__dw2.0__ib2.0   1.1s  disp_tiles=3.46  owner_km=529  adj=0.642  iou=nan  noncontig=0  split=0  short=0  missing=0
[done] states__morph0__linear__dw4.0__ib2.0   1.3s  disp_tiles=1.88  owner_km=405  adj=0.569  iou=nan  noncontig=0  split=0  short=0  missing=0
[done] states__morph0__squared__dw0.25__ib2.0   1.1s  disp_tiles=4.28  owner_km=642  adj=0.651  iou=nan  noncontig=0  split=0  short=0  missing=0
[done] states__morph0__squared__dw0.5__ib2.0   1.1s  disp_tiles=3.97  owner_km=626  adj=0.697  iou=nan  noncontig=0  split=0  short=0  missing=0
[done] states__morph0__squared__dw2.0__ib2.0   1.1s  disp_tiles=3.48  owner_km=580  adj=0.706  iou=nan  noncontig=0  split=0  short=0  missing=0
[done] states__morph0__squared__dw4.0__ib2.0   1.1s  disp_tiles=3.54  owner_km=570  adj=0.642  iou=nan  noncontig=0  split=0  short=0  missing=0
[done] districts__morph1__linear__dw0.25__ib2.0   4.6s  disp_tiles=4.51  owner_km=398  adj=0.501  iou=nan  noncontig=0  split=0  short=0  missing=0
[done] districts__morph1__linear__dw0.5__ib2.0   4.9s  disp_tiles=4.44  owner_km=392  adj=0.510  iou=nan  noncontig=0  split=0  short=0  missing=0
[done] districts__morph1__linear__dw2.0__ib2.0   4.5s  disp_tiles=4.23  owner_km=373  adj=0.495  iou=nan  noncontig=0  split=0  short=0  missing=0
[done] districts__morph1__linear__dw4.0__ib2.0   4.6s  disp_tiles=3.98  owner_km=352  adj=0.505  iou=nan  noncontig=0  split=0  short=0  missing=0
[done] districts__morph1__squared__dw0.25__ib2.0   8.0s  disp_tiles=4.81  owner_km=425  adj=0.499  iou=nan  noncontig=0  split=0  short=0  missing=0
[done] districts__morph1__squared__dw0.5__ib2.0   4.2s  disp_tiles=4.62  owner_km=409  adj=0.500  iou=nan  noncontig=0  split=0  short=0  missing=0
[done] districts__morph1__squared__dw2.0__ib2.0   4.7s  disp_tiles=4.57  owner_km=404  adj=0.538  iou=nan  noncontig=0  split=0  short=0  missing=0
[done] districts__morph1__squared__dw4.0__ib2.0   4.6s  disp_tiles=4.61  owner_km=407  adj=0.541  iou=nan  noncontig=0  split=0  short=0  missing=0
[done] districts__morph0__linear__dw0.25__ib2.0   7.8s  disp_tiles=5.02  owner_km=440  adj=0.411  iou=nan  noncontig=0  split=0  short=0  missing=0
[done] districts__morph0__linear__dw0.5__ib2.0  13.2s  disp_tiles=4.40  owner_km=386  adj=0.338  iou=nan  noncontig=0  split=0  short=0  missing=0
[done] districts__morph0__linear__dw2.0__ib2.0   6.5s  disp_tiles=4.47  owner_km=392  adj=0.365  iou=nan  noncontig=0  split=0  short=0  missing=0
[done] districts__morph0__linear__dw4.0__ib2.0  23.1s  disp_tiles=4.39  owner_km=384  adj=0.360  iou=nan  noncontig=0  split=0  short=0  missing=0
[done] districts__morph0__squared__dw0.25__ib2.0   4.3s  disp_tiles=6.81  owner_km=597  adj=0.460  iou=nan  noncontig=0  split=0  short=0  missing=0
[done] districts__morph0__squared__dw0.5__ib2.0   4.1s  disp_tiles=6.96  owner_km=610  adj=0.455  iou=nan  noncontig=0  split=0  short=0  missing=0
[done] districts__morph0__squared__dw2.0__ib2.0   4.0s  disp_tiles=6.74  owner_km=590  adj=0.470  iou=nan  noncontig=0  split=0  short=0  missing=0
[done] districts__morph0__squared__dw4.0__ib2.0   3.9s  disp_tiles=6.86  owner_km=601  adj=0.518  iou=nan  noncontig=0  split=0  short=0  missing=0
/home/fakl/carto-flow/visual_checks/mosaic-distance-normalisation/run.py:155: UserWarning: Input geometries contain a straight segment of length 1199069.0 (grid units), which exceeds 4 grid cells (276349.0 each). Segments with no interior vertices cannot bend during the morph and may prevent convergence. Consider densifying the input with carto_flow.geo_utils.densify_coverage before morphing.
  res = morph_geometries(list(gdf.geometry), values=np.asarray(counts, dtype=np.float64),
/home/fakl/cf-verify/src/carto_flow/symbol_cartogram/layouts/mosaic/__init__.py:538: UserWarning: Input geometries contain a straight segment of length 1199069.0 (grid units), which exceeds 4 grid cells (276349.0 each). Segments with no interior vertices cannot bend during the morph and may prevent convergence. Consider densifying the input with carto_flow.geo_utils.densify_coverage before morphing.
  flow_result = morph_geometries(
[done] world__morph1__linear__dw0.25__ib2.0   3.5s  disp_tiles=3.58  owner_km=1742  adj=0.556  iou=nan  noncontig=3  split=0  short=9  missing=5
/home/fakl/cf-verify/src/carto_flow/symbol_cartogram/layouts/mosaic/__init__.py:538: UserWarning: Input geometries contain a straight segment of length 1199069.0 (grid units), which exceeds 4 grid cells (276349.0 each). Segments with no interior vertices cannot bend during the morph and may prevent convergence. Consider densifying the input with carto_flow.geo_utils.densify_coverage before morphing.
  flow_result = morph_geometries(
[done] world__morph1__linear__dw0.5__ib2.0   4.2s  disp_tiles=3.51  owner_km=1742  adj=0.564  iou=nan  noncontig=3  split=0  short=9  missing=5
/home/fakl/cf-verify/src/carto_flow/symbol_cartogram/layouts/mosaic/__init__.py:538: UserWarning: Input geometries contain a straight segment of length 1199069.0 (grid units), which exceeds 4 grid cells (276349.0 each). Segments with no interior vertices cannot bend during the morph and may prevent convergence. Consider densifying the input with carto_flow.geo_utils.densify_coverage before morphing.
  flow_result = morph_geometries(
[done] world__morph1__linear__dw2.0__ib2.0   6.9s  disp_tiles=3.41  owner_km=1592  adj=0.597  iou=nan  noncontig=0  split=0  short=7  missing=4
/home/fakl/cf-verify/src/carto_flow/symbol_cartogram/layouts/mosaic/__init__.py:538: UserWarning: Input geometries contain a straight segment of length 1199069.0 (grid units), which exceeds 4 grid cells (276349.0 each). Segments with no interior vertices cannot bend during the morph and may prevent convergence. Consider densifying the input with carto_flow.geo_utils.densify_coverage before morphing.
  flow_result = morph_geometries(
[done] world__morph1__linear__dw4.0__ib2.0   5.6s  disp_tiles=3.31  owner_km=1576  adj=0.607  iou=nan  noncontig=0  split=0  short=7  missing=5
/home/fakl/cf-verify/src/carto_flow/symbol_cartogram/layouts/mosaic/__init__.py:538: UserWarning: Input geometries contain a straight segment of length 1199069.0 (grid units), which exceeds 4 grid cells (276349.0 each). Segments with no interior vertices cannot bend during the morph and may prevent convergence. Consider densifying the input with carto_flow.geo_utils.densify_coverage before morphing.
  flow_result = morph_geometries(
[done] world__morph1__squared__dw0.25__ib2.0  16.8s  disp_tiles=4.12  owner_km=1959  adj=0.524  iou=nan  noncontig=1  split=0  short=9  missing=6
/home/fakl/cf-verify/src/carto_flow/symbol_cartogram/layouts/mosaic/__init__.py:538: UserWarning: Input geometries contain a straight segment of length 1199069.0 (grid units), which exceeds 4 grid cells (276349.0 each). Segments with no interior vertices cannot bend during the morph and may prevent convergence. Consider densifying the input with carto_flow.geo_utils.densify_coverage before morphing.
  flow_result = morph_geometries(
[done] world__morph1__squared__dw0.5__ib2.0   6.2s  disp_tiles=4.07  owner_km=1890  adj=0.511  iou=nan  noncontig=1  split=0  short=8  missing=6
/home/fakl/cf-verify/src/carto_flow/symbol_cartogram/layouts/mosaic/__init__.py:538: UserWarning: Input geometries contain a straight segment of length 1199069.0 (grid units), which exceeds 4 grid cells (276349.0 each). Segments with no interior vertices cannot bend during the morph and may prevent convergence. Consider densifying the input with carto_flow.geo_utils.densify_coverage before morphing.
  flow_result = morph_geometries(
[done] world__morph1__squared__dw2.0__ib2.0   5.3s  disp_tiles=4.07  owner_km=1846  adj=0.545  iou=nan  noncontig=3  split=0  short=8  missing=4
/home/fakl/cf-verify/src/carto_flow/symbol_cartogram/layouts/mosaic/__init__.py:538: UserWarning: Input geometries contain a straight segment of length 1199069.0 (grid units), which exceeds 4 grid cells (276349.0 each). Segments with no interior vertices cannot bend during the morph and may prevent convergence. Consider densifying the input with carto_flow.geo_utils.densify_coverage before morphing.
  flow_result = morph_geometries(
[done] world__morph1__squared__dw4.0__ib2.0   6.1s  disp_tiles=3.97  owner_km=1756  adj=0.571  iou=nan  noncontig=4  split=0  short=8  missing=5
[done] world__morph0__linear__dw0.25__ib2.0   6.5s  disp_tiles=4.27  owner_km=1980  adj=0.367  iou=nan  noncontig=5  split=0  short=18  missing=14
[done] world__morph0__linear__dw0.5__ib2.0   7.8s  disp_tiles=4.12  owner_km=1873  adj=0.342  iou=nan  noncontig=3  split=0  short=18  missing=14
[done] world__morph0__linear__dw2.0__ib2.0   7.4s  disp_tiles=3.48  owner_km=1619  adj=0.390  iou=nan  noncontig=4  split=0  short=20  missing=15
[done] world__morph0__linear__dw4.0__ib2.0   6.3s  disp_tiles=2.30  owner_km=1504  adj=0.506  iou=nan  noncontig=5  split=0  short=20  missing=16
[done] world__morph0__squared__dw0.25__ib2.0   9.9s  disp_tiles=7.79  owner_km=2759  adj=0.256  iou=nan  noncontig=2  split=0  short=18  missing=15
[done] world__morph0__squared__dw0.5__ib2.0  11.5s  disp_tiles=9.21  owner_km=3305  adj=0.458  iou=nan  noncontig=1  split=0  short=18  missing=15
[done] world__morph0__squared__dw2.0__ib2.0   7.0s  disp_tiles=6.78  owner_km=2433  adj=0.432  iou=nan  noncontig=2  split=0  short=20  missing=17
[done] world__morph0__squared__dw4.0__ib2.0   8.2s  disp_tiles=5.96  owner_km=2245  adj=0.493  iou=nan  noncontig=2  split=0  short=22  missing=18
