[done] states_uniform__morph1__squared__dw1.0__ib2.0__m10   0.9s  disp_tiles=1.53  owner_km=435  adj=0.725  iou=nan  noncontig=0  split=0  short=0  missing=0
[done] states_uniform__morph1__linear__dw1.0__ib2.0__m10   1.0s  disp_tiles=1.23  owner_km=351  adj=0.688  iou=nan  noncontig=0  split=0  short=0  missing=0
[done] states_uniform__morph0__squared__dw1.0__ib2.0__m10   0.7s  disp_tiles=2.24  owner_km=641  adj=0.523  iou=nan  noncontig=0  split=0  short=0  missing=0
[done] states_uniform__morph0__linear__dw1.0__ib2.0__m10   0.7s  disp_tiles=1.87  owner_km=535  adj=0.505  iou=nan  noncontig=0  split=0  short=0  missing=0
[done] states_uniform_sq__morph1__squared__dw1.0__ib2.0__m10   0.9s  disp_tiles=0.74  owner_km=326  adj=0.459  iou=nan  noncontig=0  split=0  short=0  missing=0
[done] states_uniform_sq__morph1__linear__dw1.0__ib2.0__m10   0.9s  disp_tiles=0.78  owner_km=341  adj=0.495  iou=nan  noncontig=0  split=0  short=0  missing=0
[done] states_uniform_sq__morph0__squared__dw1.0__ib2.0__m10   0.9s  disp_tiles=1.58  owner_km=723  adj=0.468  iou=nan  noncontig=0  split=0  short=0  missing=0
[done] states_uniform_sq__morph0__linear__dw1.0__ib2.0__m10   0.9s  disp_tiles=1.12  owner_km=511  adj=0.385  iou=nan  noncontig=0  split=0  short=0  missing=0
[done] states__morph1__squared__dw1.0__ib2.0__m10   1.4s  disp_tiles=2.10  owner_km=393  adj=0.798  iou=nan  noncontig=0  split=0  short=0  missing=0
[done] states__morph1__linear__dw1.0__ib2.0__m10   1.4s  disp_tiles=2.34  owner_km=414  adj=0.761  iou=nan  noncontig=0  split=0  short=0  missing=0
[done] states__morph0__squared__dw1.0__ib2.0__m10   1.1s  disp_tiles=3.93  owner_km=630  adj=0.697  iou=nan  noncontig=0  split=0  short=0  missing=0
[done] states__morph0__linear__dw1.0__ib2.0__m10   2.5s  disp_tiles=2.52  owner_km=474  adj=0.615  iou=nan  noncontig=0  split=0  short=0  missing=0
[done] districts__morph1__squared__dw1.0__ib2.0__m10   4.4s  disp_tiles=4.52  owner_km=399  adj=0.527  iou=nan  noncontig=0  split=0  short=0  missing=0
[done] districts__morph1__linear__dw1.0__ib2.0__m10   4.3s  disp_tiles=4.30  owner_km=380  adj=0.498  iou=nan  noncontig=0  split=0  short=0  missing=0
[done] districts__morph0__squared__dw1.0__ib2.0__m10   4.2s  disp_tiles=7.29  owner_km=638  adj=0.485  iou=nan  noncontig=0  split=0  short=0  missing=0
[done] districts__morph0__linear__dw1.0__ib2.0__m10  18.3s  disp_tiles=4.50  owner_km=394  adj=0.354  iou=nan  noncontig=0  split=0  short=0  missing=0
[done] africa__morph1__squared__dw1.0__ib2.0__m10   0.4s  disp_tiles=1.72  owner_km=616  adj=0.700  iou=nan  noncontig=0  split=0  short=0  missing=0
[done] africa__morph1__linear__dw1.0__ib2.0__m10   0.3s  disp_tiles=1.30  owner_km=591  adj=0.709  iou=nan  noncontig=0  split=0  short=0  missing=0
[done] africa__morph0__squared__dw1.0__ib2.0__m10   0.3s  disp_tiles=1.81  owner_km=634  adj=0.691  iou=nan  noncontig=0  split=0  short=0  missing=0
[done] africa__morph0__linear__dw1.0__ib2.0__m10   0.3s  disp_tiles=1.36  owner_km=606  adj=0.645  iou=nan  noncontig=0  split=0  short=0  missing=0
[done] world_mainland__morph1__squared__dw1.0__ib2.0__m10   2.9s  disp_tiles=3.76  owner_km=1723  adj=0.603  iou=nan  noncontig=1  split=0  short=0  missing=0
[done] world_mainland__morph1__linear__dw1.0__ib2.0__m10   2.3s  disp_tiles=3.56  owner_km=1617  adj=0.609  iou=nan  noncontig=0  split=0  short=0  missing=0
[done] world_mainland__morph0__squared__dw1.0__ib2.0__m10   4.2s  disp_tiles=8.92  owner_km=2865  adj=0.442  iou=nan  noncontig=2  split=0  short=0  missing=0
[done] world_mainland__morph0__linear__dw1.0__ib2.0__m10   4.0s  disp_tiles=4.27  owner_km=1956  adj=0.462  iou=nan  noncontig=2  split=0  short=0  missing=0
/home/fakl/cf-verify/src/carto_flow/symbol_cartogram/layouts/mosaic/__init__.py:848: UserWarning: 1 region(s) received no tile and are missing from the mosaic: Trinidad and Tobago. Each sits on a land mass no tile overlaps by min_overlap_frac, so its geographic component has no tiles to assign. To place them, set min_one_tile_per_region=True to place them on the nearest free cells, raise the tile budget so each of them covers more of a tile, or lower min_overlap_frac.
  _warn_unplaced_regions(tile_count_per_region, counts, source_gdf, enabled=opts.min_one_tile_per_region)
[done] world__morph1__squared__dw1.0__ib2.0__m10   7.1s  disp_tiles=5.42  owner_km=2287  adj=0.400  iou=nan  noncontig=1  split=0  short=1  missing=1
/home/fakl/cf-verify/src/carto_flow/symbol_cartogram/layouts/mosaic/__init__.py:848: UserWarning: 1 region(s) received no tile and are missing from the mosaic: Trinidad and Tobago. Each sits on a land mass no tile overlaps by min_overlap_frac, so its geographic component has no tiles to assign. To place them, set min_one_tile_per_region=True to place them on the nearest free cells, raise the tile budget so each of them covers more of a tile, or lower min_overlap_frac.
  _warn_unplaced_regions(tile_count_per_region, counts, source_gdf, enabled=opts.min_one_tile_per_region)
[done] world__morph1__linear__dw1.0__ib2.0__m10   6.4s  disp_tiles=4.37  owner_km=1987  adj=0.511  iou=nan  noncontig=4  split=0  short=1  missing=1
/home/fakl/cf-verify/src/carto_flow/symbol_cartogram/layouts/mosaic/__init__.py:848: UserWarning: 13 region(s) received no tile and are missing from the mosaic: Fiji, Bahamas, Falkland Is., Fr. S. Antarctic Lands, Puerto Rico, Jamaica, Vanuatu, New Caledonia, Solomon Is., Taiwan, and 3 more. Each sits on a land mass no tile overlaps by min_overlap_frac, so its geographic component has no tiles to assign. To place them, set min_one_tile_per_region=True to place them on the nearest free cells, raise the tile budget so each of them covers more of a tile, or lower min_overlap_frac.
  _warn_unplaced_regions(tile_count_per_region, counts, source_gdf, enabled=opts.min_one_tile_per_region)
[done] world__morph0__squared__dw1.0__ib2.0__m10   3.4s  disp_tiles=9.94  owner_km=3457  adj=0.443  iou=nan  noncontig=3  split=0  short=13  missing=13
/home/fakl/cf-verify/src/carto_flow/symbol_cartogram/layouts/mosaic/__init__.py:848: UserWarning: 13 region(s) received no tile and are missing from the mosaic: Fiji, Bahamas, Falkland Is., Fr. S. Antarctic Lands, Puerto Rico, Jamaica, Vanuatu, New Caledonia, Solomon Is., Taiwan, and 3 more. Each sits on a land mass no tile overlaps by min_overlap_frac, so its geographic component has no tiles to assign. To place them, set min_one_tile_per_region=True to place them on the nearest free cells, raise the tile budget so each of them covers more of a tile, or lower min_overlap_frac.
  _warn_unplaced_regions(tile_count_per_region, counts, source_gdf, enabled=opts.min_one_tile_per_region)
[done] world__morph0__linear__dw1.0__ib2.0__m10   2.7s  disp_tiles=4.17  owner_km=2063  adj=0.382  iou=nan  noncontig=7  split=0  short=13  missing=13
[done] world__morph1__squared__dw1.0__ib2.0__m11   5.6s  disp_tiles=5.61  owner_km=2296  adj=0.390  iou=nan  noncontig=1  split=0  short=0  missing=0
[done] world__morph1__linear__dw1.0__ib2.0__m11   6.4s  disp_tiles=4.31  owner_km=1971  adj=0.521  iou=nan  noncontig=4  split=0  short=0  missing=0
[done] world__morph0__squared__dw1.0__ib2.0__m11   4.0s  disp_tiles=9.52  owner_km=3328  adj=0.425  iou=nan  noncontig=2  split=0  short=0  missing=0
[done] world__morph0__linear__dw1.0__ib2.0__m11   3.3s  disp_tiles=4.16  owner_km=2061  adj=0.359  iou=nan  noncontig=8  split=0  short=0  missing=0
[done] states__morph1__linear__dw0.25__ib2.0__m10   1.4s  disp_tiles=2.29  owner_km=406  adj=0.798  iou=nan  noncontig=0  split=0  short=0  missing=0
[done] states__morph1__linear__dw0.5__ib2.0__m10   1.4s  disp_tiles=2.14  owner_km=401  adj=0.807  iou=nan  noncontig=0  split=0  short=0  missing=0
[done] states__morph1__linear__dw2.0__ib2.0__m10   1.4s  disp_tiles=2.33  owner_km=405  adj=0.789  iou=nan  noncontig=0  split=0  short=0  missing=0
[done] states__morph1__linear__dw4.0__ib2.0__m10   1.4s  disp_tiles=2.34  owner_km=405  adj=0.789  iou=nan  noncontig=0  split=0  short=0  missing=0
[done] states__morph1__squared__dw0.25__ib2.0__m10   1.4s  disp_tiles=2.25  owner_km=396  adj=0.771  iou=nan  noncontig=0  split=0  short=0  missing=0
[done] states__morph1__squared__dw0.5__ib2.0__m10   1.4s  disp_tiles=2.47  owner_km=422  adj=0.780  iou=nan  noncontig=0  split=0  short=0  missing=0
[done] states__morph1__squared__dw2.0__ib2.0__m10   1.4s  disp_tiles=2.10  owner_km=401  adj=0.798  iou=nan  noncontig=0  split=0  short=0  missing=0
[done] states__morph1__squared__dw4.0__ib2.0__m10   1.4s  disp_tiles=2.49  owner_km=420  adj=0.771  iou=nan  noncontig=0  split=0  short=0  missing=0
[done] states__morph0__linear__dw0.25__ib2.0__m10   2.0s  disp_tiles=3.10  owner_km=474  adj=0.606  iou=nan  noncontig=0  split=0  short=0  missing=0
[done] states__morph0__linear__dw0.5__ib2.0__m10   2.5s  disp_tiles=2.72  owner_km=460  adj=0.560  iou=nan  noncontig=1  split=0  short=0  missing=0
[done] states__morph0__linear__dw2.0__ib2.0__m10   1.2s  disp_tiles=3.46  owner_km=529  adj=0.642  iou=nan  noncontig=0  split=0  short=0  missing=0
[done] states__morph0__linear__dw4.0__ib2.0__m10   1.3s  disp_tiles=1.88  owner_km=405  adj=0.569  iou=nan  noncontig=0  split=0  short=0  missing=0
[done] states__morph0__squared__dw0.25__ib2.0__m10   1.1s  disp_tiles=4.28  owner_km=642  adj=0.651  iou=nan  noncontig=0  split=0  short=0  missing=0
[done] states__morph0__squared__dw0.5__ib2.0__m10   1.1s  disp_tiles=3.97  owner_km=626  adj=0.697  iou=nan  noncontig=0  split=0  short=0  missing=0
[done] states__morph0__squared__dw2.0__ib2.0__m10   1.1s  disp_tiles=3.48  owner_km=580  adj=0.706  iou=nan  noncontig=0  split=0  short=0  missing=0
[done] states__morph0__squared__dw4.0__ib2.0__m10   1.1s  disp_tiles=3.54  owner_km=570  adj=0.642  iou=nan  noncontig=0  split=0  short=0  missing=0
[done] districts__morph1__linear__dw0.25__ib2.0__m10   4.5s  disp_tiles=4.51  owner_km=398  adj=0.501  iou=nan  noncontig=0  split=0  short=0  missing=0
[done] districts__morph1__linear__dw0.5__ib2.0__m10   4.5s  disp_tiles=4.44  owner_km=392  adj=0.510  iou=nan  noncontig=0  split=0  short=0  missing=0
[done] districts__morph1__linear__dw2.0__ib2.0__m10   4.1s  disp_tiles=4.23  owner_km=373  adj=0.495  iou=nan  noncontig=0  split=0  short=0  missing=0
[done] districts__morph1__linear__dw4.0__ib2.0__m10   4.5s  disp_tiles=3.98  owner_km=352  adj=0.505  iou=nan  noncontig=0  split=0  short=0  missing=0
[done] districts__morph1__squared__dw0.25__ib2.0__m10   7.9s  disp_tiles=4.81  owner_km=425  adj=0.499  iou=nan  noncontig=0  split=0  short=0  missing=0
[done] districts__morph1__squared__dw0.5__ib2.0__m10   4.2s  disp_tiles=4.62  owner_km=409  adj=0.500  iou=nan  noncontig=0  split=0  short=0  missing=0
[done] districts__morph1__squared__dw2.0__ib2.0__m10   4.3s  disp_tiles=4.57  owner_km=404  adj=0.538  iou=nan  noncontig=0  split=0  short=0  missing=0
[done] districts__morph1__squared__dw4.0__ib2.0__m10   4.5s  disp_tiles=4.61  owner_km=407  adj=0.541  iou=nan  noncontig=0  split=0  short=0  missing=0
[done] districts__morph0__linear__dw0.25__ib2.0__m10   7.1s  disp_tiles=5.02  owner_km=440  adj=0.411  iou=nan  noncontig=0  split=0  short=0  missing=0
[done] districts__morph0__linear__dw0.5__ib2.0__m10  13.0s  disp_tiles=4.40  owner_km=386  adj=0.338  iou=nan  noncontig=0  split=0  short=0  missing=0
[done] districts__morph0__linear__dw2.0__ib2.0__m10   6.4s  disp_tiles=4.47  owner_km=392  adj=0.365  iou=nan  noncontig=0  split=0  short=0  missing=0
[done] districts__morph0__linear__dw4.0__ib2.0__m10  22.9s  disp_tiles=4.39  owner_km=384  adj=0.360  iou=nan  noncontig=0  split=0  short=0  missing=0
[done] districts__morph0__squared__dw0.25__ib2.0__m10   4.0s  disp_tiles=6.81  owner_km=597  adj=0.460  iou=nan  noncontig=0  split=0  short=0  missing=0
[done] districts__morph0__squared__dw0.5__ib2.0__m10   3.7s  disp_tiles=6.96  owner_km=610  adj=0.455  iou=nan  noncontig=0  split=0  short=0  missing=0
[done] districts__morph0__squared__dw2.0__ib2.0__m10   3.9s  disp_tiles=6.74  owner_km=590  adj=0.470  iou=nan  noncontig=0  split=0  short=0  missing=0
[done] districts__morph0__squared__dw4.0__ib2.0__m10   3.6s  disp_tiles=6.86  owner_km=601  adj=0.518  iou=nan  noncontig=0  split=0  short=0  missing=0
/home/fakl/cf-verify/src/carto_flow/symbol_cartogram/layouts/mosaic/__init__.py:848: UserWarning: 1 region(s) received no tile and are missing from the mosaic: Trinidad and Tobago. Each sits on a land mass no tile overlaps by min_overlap_frac, so its geographic component has no tiles to assign. To place them, set min_one_tile_per_region=True to place them on the nearest free cells, raise the tile budget so each of them covers more of a tile, or lower min_overlap_frac.
  _warn_unplaced_regions(tile_count_per_region, counts, source_gdf, enabled=opts.min_one_tile_per_region)
[done] world__morph1__linear__dw0.25__ib2.0__m10   5.8s  disp_tiles=4.40  owner_km=2113  adj=0.400  iou=nan  noncontig=2  split=0  short=1  missing=1
/home/fakl/cf-verify/src/carto_flow/symbol_cartogram/layouts/mosaic/__init__.py:848: UserWarning: 1 region(s) received no tile and are missing from the mosaic: Trinidad and Tobago. Each sits on a land mass no tile overlaps by min_overlap_frac, so its geographic component has no tiles to assign. To place them, set min_one_tile_per_region=True to place them on the nearest free cells, raise the tile budget so each of them covers more of a tile, or lower min_overlap_frac.
  _warn_unplaced_regions(tile_count_per_region, counts, source_gdf, enabled=opts.min_one_tile_per_region)
[done] world__morph1__linear__dw0.5__ib2.0__m10   6.3s  disp_tiles=4.27  owner_km=1935  adj=0.448  iou=nan  noncontig=4  split=0  short=1  missing=1
/home/fakl/cf-verify/src/carto_flow/symbol_cartogram/layouts/mosaic/__init__.py:848: UserWarning: 1 region(s) received no tile and are missing from the mosaic: Trinidad and Tobago. Each sits on a land mass no tile overlaps by min_overlap_frac, so its geographic component has no tiles to assign. To place them, set min_one_tile_per_region=True to place them on the nearest free cells, raise the tile budget so each of them covers more of a tile, or lower min_overlap_frac.
  _warn_unplaced_regions(tile_count_per_region, counts, source_gdf, enabled=opts.min_one_tile_per_region)
[done] world__morph1__linear__dw2.0__ib2.0__m10   6.3s  disp_tiles=4.11  owner_km=1928  adj=0.533  iou=nan  noncontig=3  split=0  short=1  missing=1
/home/fakl/cf-verify/src/carto_flow/symbol_cartogram/layouts/mosaic/__init__.py:848: UserWarning: 1 region(s) received no tile and are missing from the mosaic: Trinidad and Tobago. Each sits on a land mass no tile overlaps by min_overlap_frac, so its geographic component has no tiles to assign. To place them, set min_one_tile_per_region=True to place them on the nearest free cells, raise the tile budget so each of them covers more of a tile, or lower min_overlap_frac.
  _warn_unplaced_regions(tile_count_per_region, counts, source_gdf, enabled=opts.min_one_tile_per_region)
[done] world__morph1__linear__dw4.0__ib2.0__m10   7.8s  disp_tiles=3.26  owner_km=1676  adj=0.537  iou=nan  noncontig=1  split=0  short=1  missing=1
/home/fakl/cf-verify/src/carto_flow/symbol_cartogram/layouts/mosaic/__init__.py:848: UserWarning: 1 region(s) received no tile and are missing from the mosaic: Trinidad and Tobago. Each sits on a land mass no tile overlaps by min_overlap_frac, so its geographic component has no tiles to assign. To place them, set min_one_tile_per_region=True to place them on the nearest free cells, raise the tile budget so each of them covers more of a tile, or lower min_overlap_frac.
  _warn_unplaced_regions(tile_count_per_region, counts, source_gdf, enabled=opts.min_one_tile_per_region)
[done] world__morph1__squared__dw0.25__ib2.0__m10   6.2s  disp_tiles=5.72  owner_km=2359  adj=0.448  iou=nan  noncontig=1  split=0  short=1  missing=1
/home/fakl/cf-verify/src/carto_flow/symbol_cartogram/layouts/mosaic/__init__.py:848: UserWarning: 1 region(s) received no tile and are missing from the mosaic: Trinidad and Tobago. Each sits on a land mass no tile overlaps by min_overlap_frac, so its geographic component has no tiles to assign. To place them, set min_one_tile_per_region=True to place them on the nearest free cells, raise the tile budget so each of them covers more of a tile, or lower min_overlap_frac.
  _warn_unplaced_regions(tile_count_per_region, counts, source_gdf, enabled=opts.min_one_tile_per_region)
[done] world__morph1__squared__dw0.5__ib2.0__m10   6.6s  disp_tiles=5.68  owner_km=2339  adj=0.435  iou=nan  noncontig=0  split=0  short=1  missing=1
/home/fakl/cf-verify/src/carto_flow/symbol_cartogram/layouts/mosaic/__init__.py:848: UserWarning: 1 region(s) received no tile and are missing from the mosaic: Trinidad and Tobago. Each sits on a land mass no tile overlaps by min_overlap_frac, so its geographic component has no tiles to assign. To place them, set min_one_tile_per_region=True to place them on the nearest free cells, raise the tile budget so each of them covers more of a tile, or lower min_overlap_frac.
  _warn_unplaced_regions(tile_count_per_region, counts, source_gdf, enabled=opts.min_one_tile_per_region)
[done] world__morph1__squared__dw2.0__ib2.0__m10   5.8s  disp_tiles=5.67  owner_km=2289  adj=0.425  iou=nan  noncontig=1  split=0  short=1  missing=1
/home/fakl/cf-verify/src/carto_flow/symbol_cartogram/layouts/mosaic/__init__.py:848: UserWarning: 1 region(s) received no tile and are missing from the mosaic: Trinidad and Tobago. Each sits on a land mass no tile overlaps by min_overlap_frac, so its geographic component has no tiles to assign. To place them, set min_one_tile_per_region=True to place them on the nearest free cells, raise the tile budget so each of them covers more of a tile, or lower min_overlap_frac.
  _warn_unplaced_regions(tile_count_per_region, counts, source_gdf, enabled=opts.min_one_tile_per_region)
[done] world__morph1__squared__dw4.0__ib2.0__m10   6.5s  disp_tiles=5.21  owner_km=2138  adj=0.444  iou=nan  noncontig=1  split=0  short=1  missing=1
/home/fakl/cf-verify/src/carto_flow/symbol_cartogram/layouts/mosaic/__init__.py:848: UserWarning: 13 region(s) received no tile and are missing from the mosaic: Fiji, Bahamas, Falkland Is., Fr. S. Antarctic Lands, Puerto Rico, Jamaica, Vanuatu, New Caledonia, Solomon Is., Taiwan, and 3 more. Each sits on a land mass no tile overlaps by min_overlap_frac, so its geographic component has no tiles to assign. To place them, set min_one_tile_per_region=True to place them on the nearest free cells, raise the tile budget so each of them covers more of a tile, or lower min_overlap_frac.
  _warn_unplaced_regions(tile_count_per_region, counts, source_gdf, enabled=opts.min_one_tile_per_region)
[done] world__morph0__linear__dw0.25__ib2.0__m10  34.9s  disp_tiles=7.89  owner_km=3507  adj=0.389  iou=nan  noncontig=4  split=0  short=13  missing=13
/home/fakl/cf-verify/src/carto_flow/symbol_cartogram/layouts/mosaic/__init__.py:848: UserWarning: 13 region(s) received no tile and are missing from the mosaic: Fiji, Bahamas, Falkland Is., Fr. S. Antarctic Lands, Puerto Rico, Jamaica, Vanuatu, New Caledonia, Solomon Is., Taiwan, and 3 more. Each sits on a land mass no tile overlaps by min_overlap_frac, so its geographic component has no tiles to assign. To place them, set min_one_tile_per_region=True to place them on the nearest free cells, raise the tile budget so each of them covers more of a tile, or lower min_overlap_frac.
  _warn_unplaced_regions(tile_count_per_region, counts, source_gdf, enabled=opts.min_one_tile_per_region)
[done] world__morph0__linear__dw0.5__ib2.0__m10   2.5s  disp_tiles=4.63  owner_km=2274  adj=0.389  iou=nan  noncontig=5  split=0  short=13  missing=13
/home/fakl/cf-verify/src/carto_flow/symbol_cartogram/layouts/mosaic/__init__.py:848: UserWarning: 13 region(s) received no tile and are missing from the mosaic: Fiji, Bahamas, Falkland Is., Fr. S. Antarctic Lands, Puerto Rico, Jamaica, Vanuatu, New Caledonia, Solomon Is., Taiwan, and 3 more. Each sits on a land mass no tile overlaps by min_overlap_frac, so its geographic component has no tiles to assign. To place them, set min_one_tile_per_region=True to place them on the nearest free cells, raise the tile budget so each of them covers more of a tile, or lower min_overlap_frac.
  _warn_unplaced_regions(tile_count_per_region, counts, source_gdf, enabled=opts.min_one_tile_per_region)
[done] world__morph0__linear__dw2.0__ib2.0__m10   4.6s  disp_tiles=2.78  owner_km=1603  adj=0.436  iou=nan  noncontig=3  split=0  short=13  missing=13
/home/fakl/cf-verify/src/carto_flow/symbol_cartogram/layouts/mosaic/__init__.py:848: UserWarning: 13 region(s) received no tile and are missing from the mosaic: Fiji, Bahamas, Falkland Is., Fr. S. Antarctic Lands, Puerto Rico, Jamaica, Vanuatu, New Caledonia, Solomon Is., Taiwan, and 3 more. Each sits on a land mass no tile overlaps by min_overlap_frac, so its geographic component has no tiles to assign. To place them, set min_one_tile_per_region=True to place them on the nearest free cells, raise the tile budget so each of them covers more of a tile, or lower min_overlap_frac.
  _warn_unplaced_regions(tile_count_per_region, counts, source_gdf, enabled=opts.min_one_tile_per_region)
[done] world__morph0__linear__dw4.0__ib2.0__m10   6.0s  disp_tiles=3.52  owner_km=1811  adj=0.398  iou=nan  noncontig=5  split=0  short=13  missing=13
/home/fakl/cf-verify/src/carto_flow/symbol_cartogram/layouts/mosaic/__init__.py:848: UserWarning: 13 region(s) received no tile and are missing from the mosaic: Fiji, Bahamas, Falkland Is., Fr. S. Antarctic Lands, Puerto Rico, Jamaica, Vanuatu, New Caledonia, Solomon Is., Taiwan, and 3 more. Each sits on a land mass no tile overlaps by min_overlap_frac, so its geographic component has no tiles to assign. To place them, set min_one_tile_per_region=True to place them on the nearest free cells, raise the tile budget so each of them covers more of a tile, or lower min_overlap_frac.
  _warn_unplaced_regions(tile_count_per_region, counts, source_gdf, enabled=opts.min_one_tile_per_region)
[done] world__morph0__squared__dw0.25__ib2.0__m10   2.9s  disp_tiles=9.00  owner_km=3356  adj=0.382  iou=nan  noncontig=3  split=0  short=13  missing=13
/home/fakl/cf-verify/src/carto_flow/symbol_cartogram/layouts/mosaic/__init__.py:848: UserWarning: 13 region(s) received no tile and are missing from the mosaic: Fiji, Bahamas, Falkland Is., Fr. S. Antarctic Lands, Puerto Rico, Jamaica, Vanuatu, New Caledonia, Solomon Is., Taiwan, and 3 more. Each sits on a land mass no tile overlaps by min_overlap_frac, so its geographic component has no tiles to assign. To place them, set min_one_tile_per_region=True to place them on the nearest free cells, raise the tile budget so each of them covers more of a tile, or lower min_overlap_frac.
  _warn_unplaced_regions(tile_count_per_region, counts, source_gdf, enabled=opts.min_one_tile_per_region)
[done] world__morph0__squared__dw0.5__ib2.0__m10   2.9s  disp_tiles=11.52  owner_km=3262  adj=0.306  iou=nan  noncontig=6  split=0  short=13  missing=13
/home/fakl/cf-verify/src/carto_flow/symbol_cartogram/layouts/mosaic/__init__.py:848: UserWarning: 13 region(s) received no tile and are missing from the mosaic: Fiji, Bahamas, Falkland Is., Fr. S. Antarctic Lands, Puerto Rico, Jamaica, Vanuatu, New Caledonia, Solomon Is., Taiwan, and 3 more. Each sits on a land mass no tile overlaps by min_overlap_frac, so its geographic component has no tiles to assign. To place them, set min_one_tile_per_region=True to place them on the nearest free cells, raise the tile budget so each of them covers more of a tile, or lower min_overlap_frac.
  _warn_unplaced_regions(tile_count_per_region, counts, source_gdf, enabled=opts.min_one_tile_per_region)
[done] world__morph0__squared__dw2.0__ib2.0__m10   4.0s  disp_tiles=8.56  owner_km=3158  adj=0.497  iou=nan  noncontig=1  split=0  short=13  missing=13
/home/fakl/cf-verify/src/carto_flow/symbol_cartogram/layouts/mosaic/__init__.py:848: UserWarning: 13 region(s) received no tile and are missing from the mosaic: Fiji, Bahamas, Falkland Is., Fr. S. Antarctic Lands, Puerto Rico, Jamaica, Vanuatu, New Caledonia, Solomon Is., Taiwan, and 3 more. Each sits on a land mass no tile overlaps by min_overlap_frac, so its geographic component has no tiles to assign. To place them, set min_one_tile_per_region=True to place them on the nearest free cells, raise the tile budget so each of them covers more of a tile, or lower min_overlap_frac.
  _warn_unplaced_regions(tile_count_per_region, counts, source_gdf, enabled=opts.min_one_tile_per_region)
[done] world__morph0__squared__dw4.0__ib2.0__m10   3.3s  disp_tiles=7.99  owner_km=2788  adj=0.452  iou=nan  noncontig=3  split=0  short=13  missing=13
RUNDONE
