/home/fakl/cf-verify/src/carto_flow/symbol_cartogram/layouts/mosaic/__init__.py:848: UserWarning: 1 region(s) received no tile and are missing from the mosaic: Trinidad and Tobago. Each sits on a land mass no tile overlaps by min_overlap_frac, so its geographic component has no tiles to assign. To place them, set min_one_tile_per_region=True to place them on the nearest free cells, raise the tile budget so each of them covers more of a tile, or lower min_overlap_frac.
  _warn_unplaced_regions(tile_count_per_region, counts, source_gdf, enabled=opts.min_one_tile_per_region)
[done] world__morph1__linear__dw1.0__ib3.0__m10   7.0s  disp_tiles=4.35  owner_km=2009  adj=0.479  iou=nan  noncontig=3  split=0  short=1  missing=1
/home/fakl/cf-verify/src/carto_flow/symbol_cartogram/layouts/mosaic/__init__.py:848: UserWarning: 1 region(s) received no tile and are missing from the mosaic: Trinidad and Tobago. Each sits on a land mass no tile overlaps by min_overlap_frac, so its geographic component has no tiles to assign. To place them, set min_one_tile_per_region=True to place them on the nearest free cells, raise the tile budget so each of them covers more of a tile, or lower min_overlap_frac.
  _warn_unplaced_regions(tile_count_per_region, counts, source_gdf, enabled=opts.min_one_tile_per_region)
[done] world__morph1__linear__dw1.0__ib4.0__m10   5.2s  disp_tiles=4.54  owner_km=2059  adj=0.476  iou=nan  noncontig=2  split=0  short=1  missing=1
/home/fakl/cf-verify/src/carto_flow/symbol_cartogram/layouts/mosaic/__init__.py:848: UserWarning: 1 region(s) received no tile and are missing from the mosaic: Trinidad and Tobago. Each sits on a land mass no tile overlaps by min_overlap_frac, so its geographic component has no tiles to assign. To place them, set min_one_tile_per_region=True to place them on the nearest free cells, raise the tile budget so each of them covers more of a tile, or lower min_overlap_frac.
  _warn_unplaced_regions(tile_count_per_region, counts, source_gdf, enabled=opts.min_one_tile_per_region)
[done] world__morph1__linear__dw1.0__ib6.0__m10   5.1s  disp_tiles=4.91  owner_km=2179  adj=0.467  iou=nan  noncontig=2  split=0  short=1  missing=1
/home/fakl/cf-verify/src/carto_flow/symbol_cartogram/layouts/mosaic/__init__.py:848: UserWarning: 13 region(s) received no tile and are missing from the mosaic: Fiji, Bahamas, Falkland Is., Fr. S. Antarctic Lands, Puerto Rico, Jamaica, Vanuatu, New Caledonia, Solomon Is., Taiwan, and 3 more. Each sits on a land mass no tile overlaps by min_overlap_frac, so its geographic component has no tiles to assign. To place them, set min_one_tile_per_region=True to place them on the nearest free cells, raise the tile budget so each of them covers more of a tile, or lower min_overlap_frac.
  _warn_unplaced_regions(tile_count_per_region, counts, source_gdf, enabled=opts.min_one_tile_per_region)
[done] world__morph0__linear__dw1.0__ib3.0__m10   2.6s  disp_tiles=4.22  owner_km=2274  adj=0.414  iou=nan  noncontig=5  split=0  short=13  missing=13
/home/fakl/cf-verify/src/carto_flow/symbol_cartogram/layouts/mosaic/__init__.py:848: UserWarning: 13 region(s) received no tile and are missing from the mosaic: Fiji, Bahamas, Falkland Is., Fr. S. Antarctic Lands, Puerto Rico, Jamaica, Vanuatu, New Caledonia, Solomon Is., Taiwan, and 3 more. Each sits on a land mass no tile overlaps by min_overlap_frac, so its geographic component has no tiles to assign. To place them, set min_one_tile_per_region=True to place them on the nearest free cells, raise the tile budget so each of them covers more of a tile, or lower min_overlap_frac.
  _warn_unplaced_regions(tile_count_per_region, counts, source_gdf, enabled=opts.min_one_tile_per_region)
[done] world__morph0__linear__dw1.0__ib4.0__m10   2.9s  disp_tiles=4.65  owner_km=2353  adj=0.401  iou=nan  noncontig=4  split=0  short=13  missing=13
/home/fakl/cf-verify/src/carto_flow/symbol_cartogram/layouts/mosaic/__init__.py:848: UserWarning: 13 region(s) received no tile and are missing from the mosaic: Fiji, Bahamas, Falkland Is., Fr. S. Antarctic Lands, Puerto Rico, Jamaica, Vanuatu, New Caledonia, Solomon Is., Taiwan, and 3 more. Each sits on a land mass no tile overlaps by min_overlap_frac, so its geographic component has no tiles to assign. To place them, set min_one_tile_per_region=True to place them on the nearest free cells, raise the tile budget so each of them covers more of a tile, or lower min_overlap_frac.
  _warn_unplaced_regions(tile_count_per_region, counts, source_gdf, enabled=opts.min_one_tile_per_region)
[done] world__morph0__linear__dw1.0__ib6.0__m10   2.5s  disp_tiles=6.99  owner_km=2788  adj=0.408  iou=nan  noncontig=6  split=0  short=13  missing=13
[done] world_mainland__morph1__linear__dw1.0__ib3.0__m10   2.4s  disp_tiles=3.62  owner_km=1642  adj=0.609  iou=nan  noncontig=2  split=0  short=0  missing=0
[done] world_mainland__morph1__linear__dw1.0__ib4.0__m10   2.3s  disp_tiles=3.63  owner_km=1645  adj=0.609  iou=nan  noncontig=2  split=0  short=0  missing=0
[done] world_mainland__morph1__linear__dw1.0__ib6.0__m10   2.1s  disp_tiles=3.24  owner_km=1498  adj=0.663  iou=nan  noncontig=0  split=0  short=0  missing=0
[done] world_mainland__morph0__linear__dw1.0__ib3.0__m10   4.0s  disp_tiles=4.85  owner_km=2066  adj=0.465  iou=nan  noncontig=2  split=0  short=0  missing=0
[done] world_mainland__morph0__linear__dw1.0__ib4.0__m10   3.8s  disp_tiles=4.26  owner_km=1916  adj=0.401  iou=nan  noncontig=5  split=0  short=0  missing=0
[done] world_mainland__morph0__linear__dw1.0__ib6.0__m10   3.7s  disp_tiles=4.37  owner_km=1916  adj=0.423  iou=nan  noncontig=5  split=0  short=0  missing=0
/home/fakl/cf-verify/src/carto_flow/symbol_cartogram/layouts/mosaic/__init__.py:848: UserWarning: 1 region(s) received no tile and are missing from the mosaic: Trinidad and Tobago. Each sits on a land mass no tile overlaps by min_overlap_frac, so its geographic component has no tiles to assign. To place them, set min_one_tile_per_region=True to place them on the nearest free cells, raise the tile budget so each of them covers more of a tile, or lower min_overlap_frac.
  _warn_unplaced_regions(tile_count_per_region, counts, source_gdf, enabled=opts.min_one_tile_per_region)
[done] world__morph1__squared__dw1.0__ib3.0__m10   5.8s  disp_tiles=5.15  owner_km=2181  adj=0.473  iou=nan  noncontig=2  split=0  short=1  missing=1
/home/fakl/cf-verify/src/carto_flow/symbol_cartogram/layouts/mosaic/__init__.py:848: UserWarning: 1 region(s) received no tile and are missing from the mosaic: Trinidad and Tobago. Each sits on a land mass no tile overlaps by min_overlap_frac, so its geographic component has no tiles to assign. To place them, set min_one_tile_per_region=True to place them on the nearest free cells, raise the tile budget so each of them covers more of a tile, or lower min_overlap_frac.
  _warn_unplaced_regions(tile_count_per_region, counts, source_gdf, enabled=opts.min_one_tile_per_region)
[done] world__morph1__squared__dw1.0__ib4.0__m10   5.7s  disp_tiles=5.50  owner_km=2257  adj=0.387  iou=nan  noncontig=2  split=0  short=1  missing=1
/home/fakl/cf-verify/src/carto_flow/symbol_cartogram/layouts/mosaic/__init__.py:848: UserWarning: 1 region(s) received no tile and are missing from the mosaic: Trinidad and Tobago. Each sits on a land mass no tile overlaps by min_overlap_frac, so its geographic component has no tiles to assign. To place them, set min_one_tile_per_region=True to place them on the nearest free cells, raise the tile budget so each of them covers more of a tile, or lower min_overlap_frac.
  _warn_unplaced_regions(tile_count_per_region, counts, source_gdf, enabled=opts.min_one_tile_per_region)
[done] world__morph1__squared__dw1.0__ib6.0__m10   5.4s  disp_tiles=5.50  owner_km=2257  adj=0.394  iou=nan  noncontig=2  split=0  short=1  missing=1
/home/fakl/cf-verify/src/carto_flow/symbol_cartogram/layouts/mosaic/__init__.py:848: UserWarning: 13 region(s) received no tile and are missing from the mosaic: Fiji, Bahamas, Falkland Is., Fr. S. Antarctic Lands, Puerto Rico, Jamaica, Vanuatu, New Caledonia, Solomon Is., Taiwan, and 3 more. Each sits on a land mass no tile overlaps by min_overlap_frac, so its geographic component has no tiles to assign. To place them, set min_one_tile_per_region=True to place them on the nearest free cells, raise the tile budget so each of them covers more of a tile, or lower min_overlap_frac.
  _warn_unplaced_regions(tile_count_per_region, counts, source_gdf, enabled=opts.min_one_tile_per_region)
[done] world__morph0__squared__dw1.0__ib3.0__m10   3.4s  disp_tiles=9.20  owner_km=3378  adj=0.430  iou=nan  noncontig=2  split=0  short=13  missing=13
/home/fakl/cf-verify/src/carto_flow/symbol_cartogram/layouts/mosaic/__init__.py:848: UserWarning: 13 region(s) received no tile and are missing from the mosaic: Fiji, Bahamas, Falkland Is., Fr. S. Antarctic Lands, Puerto Rico, Jamaica, Vanuatu, New Caledonia, Solomon Is., Taiwan, and 3 more. Each sits on a land mass no tile overlaps by min_overlap_frac, so its geographic component has no tiles to assign. To place them, set min_one_tile_per_region=True to place them on the nearest free cells, raise the tile budget so each of them covers more of a tile, or lower min_overlap_frac.
  _warn_unplaced_regions(tile_count_per_region, counts, source_gdf, enabled=opts.min_one_tile_per_region)
[done] world__morph0__squared__dw1.0__ib4.0__m10   3.5s  disp_tiles=9.33  owner_km=3300  adj=0.455  iou=nan  noncontig=2  split=0  short=13  missing=13
/home/fakl/cf-verify/src/carto_flow/symbol_cartogram/layouts/mosaic/__init__.py:848: UserWarning: 13 region(s) received no tile and are missing from the mosaic: Fiji, Bahamas, Falkland Is., Fr. S. Antarctic Lands, Puerto Rico, Jamaica, Vanuatu, New Caledonia, Solomon Is., Taiwan, and 3 more. Each sits on a land mass no tile overlaps by min_overlap_frac, so its geographic component has no tiles to assign. To place them, set min_one_tile_per_region=True to place them on the nearest free cells, raise the tile budget so each of them covers more of a tile, or lower min_overlap_frac.
  _warn_unplaced_regions(tile_count_per_region, counts, source_gdf, enabled=opts.min_one_tile_per_region)
[done] world__morph0__squared__dw1.0__ib6.0__m10   2.6s  disp_tiles=9.47  owner_km=3321  adj=0.510  iou=nan  noncontig=2  split=0  short=13  missing=13
[done] districts__morph1__linear__dw1.0__ib4.0__m10   5.3s  disp_tiles=4.37  owner_km=386  adj=0.514  iou=nan  noncontig=0  split=0  short=0  missing=0
[done] districts__morph1__squared__dw1.0__ib4.0__m10   4.6s  disp_tiles=4.95  owner_km=438  adj=0.574  iou=nan  noncontig=0  split=0  short=0  missing=0
[done] districts__morph0__linear__dw1.0__ib4.0__m10   4.2s  disp_tiles=5.10  owner_km=447  adj=0.433  iou=nan  noncontig=0  split=0  short=0  missing=0
[done] districts__morph0__squared__dw1.0__ib4.0__m10   4.7s  disp_tiles=7.42  owner_km=650  adj=0.464  iou=nan  noncontig=0  split=0  short=0  missing=0
[done] states__morph1__linear__dw1.0__ib4.0__m10   1.4s  disp_tiles=2.33  owner_km=405  adj=0.807  iou=nan  noncontig=0  split=0  short=0  missing=0
[done] states__morph1__squared__dw1.0__ib4.0__m10   1.3s  disp_tiles=2.56  owner_km=420  adj=0.826  iou=nan  noncontig=0  split=0  short=0  missing=0
[done] states__morph0__linear__dw1.0__ib4.0__m10   1.3s  disp_tiles=3.28  owner_km=555  adj=0.615  iou=nan  noncontig=0  split=0  short=0  missing=0
[done] states__morph0__squared__dw1.0__ib4.0__m10   1.1s  disp_tiles=4.14  owner_km=636  adj=0.697  iou=nan  noncontig=1  split=0  short=0  missing=0
IBDONE
