/home/fakl/cf-verify/src/carto_flow/symbol_cartogram/layouts/mosaic/__init__.py:848: UserWarning: 1 region(s) received no tile and are missing from the mosaic: Trinidad and Tobago. Each sits on a land mass no tile overlaps by min_overlap_frac, so its geographic component has no tiles to assign. To place them, set min_one_tile_per_region=True to place them on the nearest free cells, raise the tile budget so each of them covers more of a tile, or lower min_overlap_frac.
  _warn_unplaced_regions(tile_count_per_region, counts, source_gdf, enabled=opts.min_one_tile_per_region)
/home/fakl/cf-verify/src/carto_flow/symbol_cartogram/layouts/mosaic/__init__.py:848: UserWarning: 1 region(s) received no tile and are missing from the mosaic: Trinidad and Tobago. Each sits on a land mass no tile overlaps by min_overlap_frac, so its geographic component has no tiles to assign. To place them, set min_one_tile_per_region=True to place them on the nearest free cells, raise the tile budget so each of them covers more of a tile, or lower min_overlap_frac.
  _warn_unplaced_regions(tile_count_per_region, counts, source_gdf, enabled=opts.min_one_tile_per_region)
/home/fakl/cf-verify/src/carto_flow/symbol_cartogram/layouts/mosaic/__init__.py:848: UserWarning: 1 region(s) received no tile and are missing from the mosaic: Trinidad and Tobago. Each sits on a land mass no tile overlaps by min_overlap_frac, so its geographic component has no tiles to assign. To place them, set min_one_tile_per_region=True to place them on the nearest free cells, raise the tile budget so each of them covers more of a tile, or lower min_overlap_frac.
  _warn_unplaced_regions(tile_count_per_region, counts, source_gdf, enabled=opts.min_one_tile_per_region)
/home/fakl/cf-verify/src/carto_flow/symbol_cartogram/layouts/mosaic/__init__.py:848: UserWarning: 1 region(s) received no tile and are missing from the mosaic: Trinidad and Tobago. Each sits on a land mass no tile overlaps by min_overlap_frac, so its geographic component has no tiles to assign. To place them, set min_one_tile_per_region=True to place them on the nearest free cells, raise the tile budget so each of them covers more of a tile, or lower min_overlap_frac.
  _warn_unplaced_regions(tile_count_per_region, counts, source_gdf, enabled=opts.min_one_tile_per_region)
world morph=1 dw=1.0 squared : noncontig=[1, 1, 1, 1]  owner_km=[2287, 2287, 2287, 2287]
/home/fakl/cf-verify/src/carto_flow/symbol_cartogram/layouts/mosaic/__init__.py:848: UserWarning: 1 region(s) received no tile and are missing from the mosaic: Trinidad and Tobago. Each sits on a land mass no tile overlaps by min_overlap_frac, so its geographic component has no tiles to assign. To place them, set min_one_tile_per_region=True to place them on the nearest free cells, raise the tile budget so each of them covers more of a tile, or lower min_overlap_frac.
  _warn_unplaced_regions(tile_count_per_region, counts, source_gdf, enabled=opts.min_one_tile_per_region)
/home/fakl/cf-verify/src/carto_flow/symbol_cartogram/layouts/mosaic/__init__.py:848: UserWarning: 1 region(s) received no tile and are missing from the mosaic: Trinidad and Tobago. Each sits on a land mass no tile overlaps by min_overlap_frac, so its geographic component has no tiles to assign. To place them, set min_one_tile_per_region=True to place them on the nearest free cells, raise the tile budget so each of them covers more of a tile, or lower min_overlap_frac.
  _warn_unplaced_regions(tile_count_per_region, counts, source_gdf, enabled=opts.min_one_tile_per_region)
/home/fakl/cf-verify/src/carto_flow/symbol_cartogram/layouts/mosaic/__init__.py:848: UserWarning: 1 region(s) received no tile and are missing from the mosaic: Trinidad and Tobago. Each sits on a land mass no tile overlaps by min_overlap_frac, so its geographic component has no tiles to assign. To place them, set min_one_tile_per_region=True to place them on the nearest free cells, raise the tile budget so each of them covers more of a tile, or lower min_overlap_frac.
  _warn_unplaced_regions(tile_count_per_region, counts, source_gdf, enabled=opts.min_one_tile_per_region)
/home/fakl/cf-verify/src/carto_flow/symbol_cartogram/layouts/mosaic/__init__.py:848: UserWarning: 1 region(s) received no tile and are missing from the mosaic: Trinidad and Tobago. Each sits on a land mass no tile overlaps by min_overlap_frac, so its geographic component has no tiles to assign. To place them, set min_one_tile_per_region=True to place them on the nearest free cells, raise the tile budget so each of them covers more of a tile, or lower min_overlap_frac.
  _warn_unplaced_regions(tile_count_per_region, counts, source_gdf, enabled=opts.min_one_tile_per_region)
world morph=1 dw=1.0 linear  : noncontig=[4, 4, 4, 4]  owner_km=[1987, 1987, 1987, 1987]
/home/fakl/cf-verify/src/carto_flow/symbol_cartogram/layouts/mosaic/__init__.py:848: UserWarning: 1 region(s) received no tile and are missing from the mosaic: Trinidad and Tobago. Each sits on a land mass no tile overlaps by min_overlap_frac, so its geographic component has no tiles to assign. To place them, set min_one_tile_per_region=True to place them on the nearest free cells, raise the tile budget so each of them covers more of a tile, or lower min_overlap_frac.
  _warn_unplaced_regions(tile_count_per_region, counts, source_gdf, enabled=opts.min_one_tile_per_region)
/home/fakl/cf-verify/src/carto_flow/symbol_cartogram/layouts/mosaic/__init__.py:848: UserWarning: 1 region(s) received no tile and are missing from the mosaic: Trinidad and Tobago. Each sits on a land mass no tile overlaps by min_overlap_frac, so its geographic component has no tiles to assign. To place them, set min_one_tile_per_region=True to place them on the nearest free cells, raise the tile budget so each of them covers more of a tile, or lower min_overlap_frac.
  _warn_unplaced_regions(tile_count_per_region, counts, source_gdf, enabled=opts.min_one_tile_per_region)
/home/fakl/cf-verify/src/carto_flow/symbol_cartogram/layouts/mosaic/__init__.py:848: UserWarning: 1 region(s) received no tile and are missing from the mosaic: Trinidad and Tobago. Each sits on a land mass no tile overlaps by min_overlap_frac, so its geographic component has no tiles to assign. To place them, set min_one_tile_per_region=True to place them on the nearest free cells, raise the tile budget so each of them covers more of a tile, or lower min_overlap_frac.
  _warn_unplaced_regions(tile_count_per_region, counts, source_gdf, enabled=opts.min_one_tile_per_region)
/home/fakl/cf-verify/src/carto_flow/symbol_cartogram/layouts/mosaic/__init__.py:848: UserWarning: 1 region(s) received no tile and are missing from the mosaic: Trinidad and Tobago. Each sits on a land mass no tile overlaps by min_overlap_frac, so its geographic component has no tiles to assign. To place them, set min_one_tile_per_region=True to place them on the nearest free cells, raise the tile budget so each of them covers more of a tile, or lower min_overlap_frac.
  _warn_unplaced_regions(tile_count_per_region, counts, source_gdf, enabled=opts.min_one_tile_per_region)
world morph=1 dw=2.0 squared : noncontig=[1, 1, 1, 1]  owner_km=[2289, 2289, 2289, 2289]
/home/fakl/cf-verify/src/carto_flow/symbol_cartogram/layouts/mosaic/__init__.py:848: UserWarning: 1 region(s) received no tile and are missing from the mosaic: Trinidad and Tobago. Each sits on a land mass no tile overlaps by min_overlap_frac, so its geographic component has no tiles to assign. To place them, set min_one_tile_per_region=True to place them on the nearest free cells, raise the tile budget so each of them covers more of a tile, or lower min_overlap_frac.
  _warn_unplaced_regions(tile_count_per_region, counts, source_gdf, enabled=opts.min_one_tile_per_region)
/home/fakl/cf-verify/src/carto_flow/symbol_cartogram/layouts/mosaic/__init__.py:848: UserWarning: 1 region(s) received no tile and are missing from the mosaic: Trinidad and Tobago. Each sits on a land mass no tile overlaps by min_overlap_frac, so its geographic component has no tiles to assign. To place them, set min_one_tile_per_region=True to place them on the nearest free cells, raise the tile budget so each of them covers more of a tile, or lower min_overlap_frac.
  _warn_unplaced_regions(tile_count_per_region, counts, source_gdf, enabled=opts.min_one_tile_per_region)
/home/fakl/cf-verify/src/carto_flow/symbol_cartogram/layouts/mosaic/__init__.py:848: UserWarning: 1 region(s) received no tile and are missing from the mosaic: Trinidad and Tobago. Each sits on a land mass no tile overlaps by min_overlap_frac, so its geographic component has no tiles to assign. To place them, set min_one_tile_per_region=True to place them on the nearest free cells, raise the tile budget so each of them covers more of a tile, or lower min_overlap_frac.
  _warn_unplaced_regions(tile_count_per_region, counts, source_gdf, enabled=opts.min_one_tile_per_region)
/home/fakl/cf-verify/src/carto_flow/symbol_cartogram/layouts/mosaic/__init__.py:848: UserWarning: 1 region(s) received no tile and are missing from the mosaic: Trinidad and Tobago. Each sits on a land mass no tile overlaps by min_overlap_frac, so its geographic component has no tiles to assign. To place them, set min_one_tile_per_region=True to place them on the nearest free cells, raise the tile budget so each of them covers more of a tile, or lower min_overlap_frac.
  _warn_unplaced_regions(tile_count_per_region, counts, source_gdf, enabled=opts.min_one_tile_per_region)
world morph=1 dw=2.0 linear  : noncontig=[3, 3, 3, 3]  owner_km=[1928, 1928, 1928, 1928]
/home/fakl/cf-verify/src/carto_flow/symbol_cartogram/layouts/mosaic/__init__.py:848: UserWarning: 1 region(s) received no tile and are missing from the mosaic: Trinidad and Tobago. Each sits on a land mass no tile overlaps by min_overlap_frac, so its geographic component has no tiles to assign. To place them, set min_one_tile_per_region=True to place them on the nearest free cells, raise the tile budget so each of them covers more of a tile, or lower min_overlap_frac.
  _warn_unplaced_regions(tile_count_per_region, counts, source_gdf, enabled=opts.min_one_tile_per_region)
/home/fakl/cf-verify/src/carto_flow/symbol_cartogram/layouts/mosaic/__init__.py:848: UserWarning: 1 region(s) received no tile and are missing from the mosaic: Trinidad and Tobago. Each sits on a land mass no tile overlaps by min_overlap_frac, so its geographic component has no tiles to assign. To place them, set min_one_tile_per_region=True to place them on the nearest free cells, raise the tile budget so each of them covers more of a tile, or lower min_overlap_frac.
  _warn_unplaced_regions(tile_count_per_region, counts, source_gdf, enabled=opts.min_one_tile_per_region)
/home/fakl/cf-verify/src/carto_flow/symbol_cartogram/layouts/mosaic/__init__.py:848: UserWarning: 1 region(s) received no tile and are missing from the mosaic: Trinidad and Tobago. Each sits on a land mass no tile overlaps by min_overlap_frac, so its geographic component has no tiles to assign. To place them, set min_one_tile_per_region=True to place them on the nearest free cells, raise the tile budget so each of them covers more of a tile, or lower min_overlap_frac.
  _warn_unplaced_regions(tile_count_per_region, counts, source_gdf, enabled=opts.min_one_tile_per_region)
/home/fakl/cf-verify/src/carto_flow/symbol_cartogram/layouts/mosaic/__init__.py:848: UserWarning: 1 region(s) received no tile and are missing from the mosaic: Trinidad and Tobago. Each sits on a land mass no tile overlaps by min_overlap_frac, so its geographic component has no tiles to assign. To place them, set min_one_tile_per_region=True to place them on the nearest free cells, raise the tile budget so each of them covers more of a tile, or lower min_overlap_frac.
  _warn_unplaced_regions(tile_count_per_region, counts, source_gdf, enabled=opts.min_one_tile_per_region)
world morph=1 dw=4.0 squared : noncontig=[1, 1, 1, 1]  owner_km=[2138, 2138, 2138, 2138]
/home/fakl/cf-verify/src/carto_flow/symbol_cartogram/layouts/mosaic/__init__.py:848: UserWarning: 1 region(s) received no tile and are missing from the mosaic: Trinidad and Tobago. Each sits on a land mass no tile overlaps by min_overlap_frac, so its geographic component has no tiles to assign. To place them, set min_one_tile_per_region=True to place them on the nearest free cells, raise the tile budget so each of them covers more of a tile, or lower min_overlap_frac.
  _warn_unplaced_regions(tile_count_per_region, counts, source_gdf, enabled=opts.min_one_tile_per_region)
/home/fakl/cf-verify/src/carto_flow/symbol_cartogram/layouts/mosaic/__init__.py:848: UserWarning: 1 region(s) received no tile and are missing from the mosaic: Trinidad and Tobago. Each sits on a land mass no tile overlaps by min_overlap_frac, so its geographic component has no tiles to assign. To place them, set min_one_tile_per_region=True to place them on the nearest free cells, raise the tile budget so each of them covers more of a tile, or lower min_overlap_frac.
  _warn_unplaced_regions(tile_count_per_region, counts, source_gdf, enabled=opts.min_one_tile_per_region)
/home/fakl/cf-verify/src/carto_flow/symbol_cartogram/layouts/mosaic/__init__.py:848: UserWarning: 1 region(s) received no tile and are missing from the mosaic: Trinidad and Tobago. Each sits on a land mass no tile overlaps by min_overlap_frac, so its geographic component has no tiles to assign. To place them, set min_one_tile_per_region=True to place them on the nearest free cells, raise the tile budget so each of them covers more of a tile, or lower min_overlap_frac.
  _warn_unplaced_regions(tile_count_per_region, counts, source_gdf, enabled=opts.min_one_tile_per_region)
/home/fakl/cf-verify/src/carto_flow/symbol_cartogram/layouts/mosaic/__init__.py:848: UserWarning: 1 region(s) received no tile and are missing from the mosaic: Trinidad and Tobago. Each sits on a land mass no tile overlaps by min_overlap_frac, so its geographic component has no tiles to assign. To place them, set min_one_tile_per_region=True to place them on the nearest free cells, raise the tile budget so each of them covers more of a tile, or lower min_overlap_frac.
  _warn_unplaced_regions(tile_count_per_region, counts, source_gdf, enabled=opts.min_one_tile_per_region)
world morph=1 dw=4.0 linear  : noncontig=[1, 1, 1, 1]  owner_km=[1676, 1676, 1676, 1676]
/home/fakl/cf-verify/src/carto_flow/symbol_cartogram/layouts/mosaic/__init__.py:848: UserWarning: 13 region(s) received no tile and are missing from the mosaic: Fiji, Bahamas, Falkland Is., Fr. S. Antarctic Lands, Puerto Rico, Jamaica, Vanuatu, New Caledonia, Solomon Is., Taiwan, and 3 more. Each sits on a land mass no tile overlaps by min_overlap_frac, so its geographic component has no tiles to assign. To place them, set min_one_tile_per_region=True to place them on the nearest free cells, raise the tile budget so each of them covers more of a tile, or lower min_overlap_frac.
  _warn_unplaced_regions(tile_count_per_region, counts, source_gdf, enabled=opts.min_one_tile_per_region)
/home/fakl/cf-verify/src/carto_flow/symbol_cartogram/layouts/mosaic/__init__.py:848: UserWarning: 13 region(s) received no tile and are missing from the mosaic: Fiji, Bahamas, Falkland Is., Fr. S. Antarctic Lands, Puerto Rico, Jamaica, Vanuatu, New Caledonia, Solomon Is., Taiwan, and 3 more. Each sits on a land mass no tile overlaps by min_overlap_frac, so its geographic component has no tiles to assign. To place them, set min_one_tile_per_region=True to place them on the nearest free cells, raise the tile budget so each of them covers more of a tile, or lower min_overlap_frac.
  _warn_unplaced_regions(tile_count_per_region, counts, source_gdf, enabled=opts.min_one_tile_per_region)
world morph=0 dw=1.0 squared : noncontig=[3, 3]  owner_km=[3457, 3457]
/home/fakl/cf-verify/src/carto_flow/symbol_cartogram/layouts/mosaic/__init__.py:848: UserWarning: 13 region(s) received no tile and are missing from the mosaic: Fiji, Bahamas, Falkland Is., Fr. S. Antarctic Lands, Puerto Rico, Jamaica, Vanuatu, New Caledonia, Solomon Is., Taiwan, and 3 more. Each sits on a land mass no tile overlaps by min_overlap_frac, so its geographic component has no tiles to assign. To place them, set min_one_tile_per_region=True to place them on the nearest free cells, raise the tile budget so each of them covers more of a tile, or lower min_overlap_frac.
  _warn_unplaced_regions(tile_count_per_region, counts, source_gdf, enabled=opts.min_one_tile_per_region)
/home/fakl/cf-verify/src/carto_flow/symbol_cartogram/layouts/mosaic/__init__.py:848: UserWarning: 13 region(s) received no tile and are missing from the mosaic: Fiji, Bahamas, Falkland Is., Fr. S. Antarctic Lands, Puerto Rico, Jamaica, Vanuatu, New Caledonia, Solomon Is., Taiwan, and 3 more. Each sits on a land mass no tile overlaps by min_overlap_frac, so its geographic component has no tiles to assign. To place them, set min_one_tile_per_region=True to place them on the nearest free cells, raise the tile budget so each of them covers more of a tile, or lower min_overlap_frac.
  _warn_unplaced_regions(tile_count_per_region, counts, source_gdf, enabled=opts.min_one_tile_per_region)
world morph=0 dw=1.0 linear  : noncontig=[7, 7]  owner_km=[2063, 2063]
/home/fakl/cf-verify/src/carto_flow/symbol_cartogram/layouts/mosaic/__init__.py:848: UserWarning: 13 region(s) received no tile and are missing from the mosaic: Fiji, Bahamas, Falkland Is., Fr. S. Antarctic Lands, Puerto Rico, Jamaica, Vanuatu, New Caledonia, Solomon Is., Taiwan, and 3 more. Each sits on a land mass no tile overlaps by min_overlap_frac, so its geographic component has no tiles to assign. To place them, set min_one_tile_per_region=True to place them on the nearest free cells, raise the tile budget so each of them covers more of a tile, or lower min_overlap_frac.
  _warn_unplaced_regions(tile_count_per_region, counts, source_gdf, enabled=opts.min_one_tile_per_region)
/home/fakl/cf-verify/src/carto_flow/symbol_cartogram/layouts/mosaic/__init__.py:848: UserWarning: 13 region(s) received no tile and are missing from the mosaic: Fiji, Bahamas, Falkland Is., Fr. S. Antarctic Lands, Puerto Rico, Jamaica, Vanuatu, New Caledonia, Solomon Is., Taiwan, and 3 more. Each sits on a land mass no tile overlaps by min_overlap_frac, so its geographic component has no tiles to assign. To place them, set min_one_tile_per_region=True to place them on the nearest free cells, raise the tile budget so each of them covers more of a tile, or lower min_overlap_frac.
  _warn_unplaced_regions(tile_count_per_region, counts, source_gdf, enabled=opts.min_one_tile_per_region)
world morph=0 dw=2.0 squared : noncontig=[1, 1]  owner_km=[3158, 3158]
/home/fakl/cf-verify/src/carto_flow/symbol_cartogram/layouts/mosaic/__init__.py:848: UserWarning: 13 region(s) received no tile and are missing from the mosaic: Fiji, Bahamas, Falkland Is., Fr. S. Antarctic Lands, Puerto Rico, Jamaica, Vanuatu, New Caledonia, Solomon Is., Taiwan, and 3 more. Each sits on a land mass no tile overlaps by min_overlap_frac, so its geographic component has no tiles to assign. To place them, set min_one_tile_per_region=True to place them on the nearest free cells, raise the tile budget so each of them covers more of a tile, or lower min_overlap_frac.
  _warn_unplaced_regions(tile_count_per_region, counts, source_gdf, enabled=opts.min_one_tile_per_region)
/home/fakl/cf-verify/src/carto_flow/symbol_cartogram/layouts/mosaic/__init__.py:848: UserWarning: 13 region(s) received no tile and are missing from the mosaic: Fiji, Bahamas, Falkland Is., Fr. S. Antarctic Lands, Puerto Rico, Jamaica, Vanuatu, New Caledonia, Solomon Is., Taiwan, and 3 more. Each sits on a land mass no tile overlaps by min_overlap_frac, so its geographic component has no tiles to assign. To place them, set min_one_tile_per_region=True to place them on the nearest free cells, raise the tile budget so each of them covers more of a tile, or lower min_overlap_frac.
  _warn_unplaced_regions(tile_count_per_region, counts, source_gdf, enabled=opts.min_one_tile_per_region)
world morph=0 dw=2.0 linear  : noncontig=[3, 3]  owner_km=[1603, 1603]
/home/fakl/cf-verify/src/carto_flow/symbol_cartogram/layouts/mosaic/__init__.py:848: UserWarning: 13 region(s) received no tile and are missing from the mosaic: Fiji, Bahamas, Falkland Is., Fr. S. Antarctic Lands, Puerto Rico, Jamaica, Vanuatu, New Caledonia, Solomon Is., Taiwan, and 3 more. Each sits on a land mass no tile overlaps by min_overlap_frac, so its geographic component has no tiles to assign. To place them, set min_one_tile_per_region=True to place them on the nearest free cells, raise the tile budget so each of them covers more of a tile, or lower min_overlap_frac.
  _warn_unplaced_regions(tile_count_per_region, counts, source_gdf, enabled=opts.min_one_tile_per_region)
/home/fakl/cf-verify/src/carto_flow/symbol_cartogram/layouts/mosaic/__init__.py:848: UserWarning: 13 region(s) received no tile and are missing from the mosaic: Fiji, Bahamas, Falkland Is., Fr. S. Antarctic Lands, Puerto Rico, Jamaica, Vanuatu, New Caledonia, Solomon Is., Taiwan, and 3 more. Each sits on a land mass no tile overlaps by min_overlap_frac, so its geographic component has no tiles to assign. To place them, set min_one_tile_per_region=True to place them on the nearest free cells, raise the tile budget so each of them covers more of a tile, or lower min_overlap_frac.
  _warn_unplaced_regions(tile_count_per_region, counts, source_gdf, enabled=opts.min_one_tile_per_region)
world morph=0 dw=4.0 squared : noncontig=[3, 3]  owner_km=[2788, 2788]
/home/fakl/cf-verify/src/carto_flow/symbol_cartogram/layouts/mosaic/__init__.py:848: UserWarning: 13 region(s) received no tile and are missing from the mosaic: Fiji, Bahamas, Falkland Is., Fr. S. Antarctic Lands, Puerto Rico, Jamaica, Vanuatu, New Caledonia, Solomon Is., Taiwan, and 3 more. Each sits on a land mass no tile overlaps by min_overlap_frac, so its geographic component has no tiles to assign. To place them, set min_one_tile_per_region=True to place them on the nearest free cells, raise the tile budget so each of them covers more of a tile, or lower min_overlap_frac.
  _warn_unplaced_regions(tile_count_per_region, counts, source_gdf, enabled=opts.min_one_tile_per_region)
/home/fakl/cf-verify/src/carto_flow/symbol_cartogram/layouts/mosaic/__init__.py:848: UserWarning: 13 region(s) received no tile and are missing from the mosaic: Fiji, Bahamas, Falkland Is., Fr. S. Antarctic Lands, Puerto Rico, Jamaica, Vanuatu, New Caledonia, Solomon Is., Taiwan, and 3 more. Each sits on a land mass no tile overlaps by min_overlap_frac, so its geographic component has no tiles to assign. To place them, set min_one_tile_per_region=True to place them on the nearest free cells, raise the tile budget so each of them covers more of a tile, or lower min_overlap_frac.
  _warn_unplaced_regions(tile_count_per_region, counts, source_gdf, enabled=opts.min_one_tile_per_region)
world morph=0 dw=4.0 linear  : noncontig=[5, 5]  owner_km=[1811, 1811]
